// Jest Snapshot v1, https://goo.gl/fbAQLP

exports[`should render the CourseList correctly 1`] = `
<div>
  <MetaTags>
    <title>
       
      Free
       Online Course: 
       from 
       | CourseSearch
    </title>
    <meta
      content=""
      name="description"
    />
  </MetaTags>
  <LoadingPage />
</div>
`;
