// Jest Snapshot v1, https://goo.gl/fbAQLP

exports[`should render the CourseListItem correctly 1`] = `
<div
  className="course-card-wrapper"
>
  <Link
    replace={false}
    to="/course/1"
  >
    <div
      className="course-card__img-container"
    >
      <img
        alt="course image placeholder"
        className="image"
        src="../../images/course-placeholder.png"
      />
    </div>
    <div
      className="course-card__content"
    >
      <h4>
        Learn react
      </h4>
      <p
        className="show-for-desktop"
      />
      <div
        className="course-card__content__footer"
      >
        <div
          className="course-card__content__footer__data"
        >
          <div>
            <p>
              300
            </p>
          </div>
          <div
            className=""
          >
            <p>
              2
            </p>
          </div>
        </div>
        <div
          className="icon-container partner-logo-container"
        >
          <img
            alt="partner logo"
            src="/../../images/undefined"
          />
        </div>
      </div>
    </div>
  </Link>
</div>
`;
