// Jest Snapshot v1, https://goo.gl/fbAQLP

exports[`should render the CourseList correctly 1`] = `
<div>
  <h4>
    Course list
  </h4>
  <CourseListItem
    course={
      Object {
        "description": "some description",
        "price": "300",
        "title": "Learn react",
      }
    }
    key="Learn react"
  />
  <CourseListItem
    course={
      Object {
        "description": "some description",
        "price": "50",
        "title": "Advanced Java",
      }
    }
    key="Advanced Java"
  />
  <CourseListItem
    course={
      Object {
        "description": "some description",
        "price": "100",
        "title": "Angular.js",
      }
    }
    key="Angular.js"
  />
</div>
`;
