// Jest Snapshot v1, https://goo.gl/fbAQLP

exports[`should render header correctly 1`] = `
<header
  className="header"
>
  <div
    className="content-container"
  >
    <div
      className="header__content"
    >
      <Link
        className="header__title"
        replace={false}
        to="/"
      >
        <h1>
          CourseSearch
        </h1>
      </Link>
      <DropdownForm
        dropdownTitle="categories"
        listItems={
          Array [
            Object {
              "id": "mrah5nd",
              "name": "Programming",
              "purpose": "programming",
              "subTopics": Array [
                Object {
                  "id": "0jq3pp0",
                  "name": "Javascript",
                  "purpose": "javascript",
                  "subTopics": null,
                  "tags": "javascript frontend front-end web-developer",
                },
                Object {
                  "id": "xo8yd64",
                  "name": "Python",
                  "purpose": "python",
                  "tags": "python",
                },
                Object {
                  "id": "1wspkx2",
                  "name": "Java",
                  "purpose": "java",
                  "tags": "java",
                },
                Object {
                  "id": "qn1vs3a",
                  "name": "C#",
                  "purpose": "c-sharp",
                  "tags": "C#",
                },
                Object {
                  "id": "sc07k40",
                  "name": "C++",
                  "purpose": "c++",
                  "tags": "c++",
                },
                Object {
                  "id": "2u5qjng",
                  "name": "Swift",
                  "purpose": "swift",
                  "tags": "swift",
                },
              ],
              "tags": "programming java javascript python computing web developer developer development frontend backend app e-business videogames node.js",
            },
            Object {
              "id": "6wxnbv7",
              "name": "Business",
              "purpose": "business",
              "subTopics": Array [
                Object {
                  "id": "jx4giax",
                  "name": "Marketing",
                  "purpose": "marketing",
                  "subTopics": null,
                  "tags": "marketing",
                },
              ],
              "tags": "sales finances accounting business law b2b b2c",
            },
            Object {
              "id": "8up0e3b",
              "name": "Personal growth",
              "purpose": "personal-growth",
              "tags": "leadership happiness religion hobbies motivation",
            },
            Object {
              "id": "lfbmln1",
              "name": "Design",
              "purpose": "design",
              "tags": "design",
            },
            Object {
              "id": "f7xoev7",
              "name": "Marketing",
              "purpose": "marketing",
              "tags": "marketing advertising relations",
            },
            Object {
              "id": "gqsrjgb",
              "name": "Photography",
              "purpose": "photography",
              "tags": "photography ",
            },
            Object {
              "id": "wldhlha",
              "name": "Health & Fitness",
              "purpose": "health-fitness",
              "tags": "health fitness yoga nutrition meditation sports",
            },
            Object {
              "id": "9yv4orn",
              "name": "Academic studies",
              "purpose": "academic-studies",
              "tags": "math science humanities",
            },
            Object {
              "id": "64rhte5",
              "name": "Languages",
              "purpose": "languages",
              "tags": "english spanish german arabic japanese portuguese chinese russian latin hebrew italian",
            },
          ]
        }
        startLogout={[MockFunction]}
      />
      <Connect(CourseSearchHeader)
        startLogout={[MockFunction]}
      />
    </div>
  </div>
</header>
`;
